{"blocks":[{"text":{"text":"*AWS Security Hub Notification*","type":"mrkdwn"},"type":"section"},{"text":{"text":"Notified because condition *'critical > 0'* is met.","type":"mrkdwn"},"type":"section"},{"fields":[{"text":"*CRITICAL:*\n1","type":"mrkdwn"},{"text":"*HIGH:*\n0","type":"mrkdwn"}],"type":"section"},{"fields":[{"text":"*MEDIUM:*\n0","type":"mrkdwn"},{"text":"*LOW:*\n0","type":"mrkdwn"}],"type":"section"},{"text":{"text":"<https://dummy-ap-1.console.aws.amazon.com/securityhub/home?region=dummy-ap-1#/findings?search=RecordState%3D%255Coperator%255C%253AEQUALS%255C%253AACTIVE%26WorkflowStatus%3D%255Coperator%255C%253AEQUALS%255C%253ANEW%26WorkflowStatus%3D%255Coperator%255C%253AEQUALS%255C%253ANOTIFIED|View findings>","type":"mrkdwn"},"type":"section"}]}
